// Jest Snapshot v1, https://goo.gl/fbAQLP

exports[`utils / cssSnapshots with file 'empty.module.css' createExports should create an exports file (with options {"camelCase": true}) 1`] = `
"declare const classes: {
  
};
export default classes;
"
`;

exports[`utils / cssSnapshots with file 'empty.module.css' createExports should create an exports file (with options {}) 1`] = `
"declare const classes: {
  
};
export default classes;
"
`;

exports[`utils / cssSnapshots with file 'empty.module.css' getClasses should return an object matching expected CSS 1`] = `Object {}`;

exports[`utils / cssSnapshots with file 'test.module.css' createExports should create an exports file (with options {"camelCase": true}) 1`] = `
"declare const classes: {
  'classA': string;
  'ClassB': string;
  'classB': string;
  'class-c': string;
  'classC': string;
  'class_d': string;
  'classD': string;
  'parent': string;
  'childA': string;
  'childB': string;
  'nestedChild': string;
};
export default classes;
export const classA: string;
export const ClassB: string;
export const classB: string;
export const classC: string;
export const classD: string;
export const parent: string;
export const childA: string;
export const childB: string;
export const nestedChild: string;
"
`;

exports[`utils / cssSnapshots with file 'test.module.css' createExports should create an exports file (with options {}) 1`] = `
"declare const classes: {
  'classA': string;
  'ClassB': string;
  'class-c': string;
  'class_d': string;
  'parent': string;
  'childA': string;
  'childB': string;
  'nestedChild': string;
};
export default classes;
export const classA: string;
export const ClassB: string;
export const parent: string;
export const childA: string;
export const childB: string;
export const nestedChild: string;
"
`;

exports[`utils / cssSnapshots with file 'test.module.css' getClasses should return an object matching expected CSS 1`] = `
Object {
  "ClassB": "file__ClassB---2bPVi",
  "childA": "file__childA---1hjQD",
  "childB": "file__childB---pq4Ks",
  "class-c": "file__class-c---DZ1TD",
  "classA": "file__classA---2xcnJ",
  "class_d": "file__class_d---1mwNi",
  "nestedChild": "file__nestedChild---2d15b",
  "parent": "file__parent---1ATMj",
}
`;
